################################################################################
#                                                                              #
#      IAR Universal Linker V5.4.1.30                                          #
#                                                                              #
#           Link time     =  16/Sep/2014  15:09:58                             #
#           Target CPU    =  MSP430                                            #
#           List file     =  D:\Products\active_designs\BLINK-EFW-01\Debug\Lis #
#                            t\blink-efwd.map                                  #
#           Output file 1 =  D:\Products\active_designs\BLINK-EFW-01\Debug\Exe #
#                            \blink-efwd.d43                                   #
#                            Format: debug                                     #
#                            UBROF version 10.0.6                              #
#                            Using library modules for C-SPY (-rt)             #
#           Command line  =  D:\Products\active_designs\BLINK-EFW-01\Debug\Obj #
#                            \blink-efwd-01.r43                                #
#                            D:\Products\active_designs\BLINK-EFW-01\Debug\Obj #
#                            \cstartup.r43                                     #
#                            D:\Products\active_designs\BLINK-EFW-01\Debug\Obj #
#                            \main.r43                                         #
#                            -o                                                #
#                            D:\Products\active_designs\BLINK-EFW-01\Debug\Exe #
#                            \blink-efwd.d43                                   #
#                            -l                                                #
#                            D:\Products\active_designs\BLINK-EFW-01\Debug\Lis #
#                            t\blink-efwd.map                                  #
#                            -xmsn                                             #
#                            "-IC:\Program Files\IAR Systems\EW430_KS_5_51_5\4 #
#                            30\LIB\"                                          #
#                            -f                                                #
#                            D:\Products\active_designs\BLINK-EFW-01\lnk430F21 #
#                            22_BLINK.xcl                                      #
#                            (-cmsp430                                         #
#                            -Z(DATA)DATA16_I,DATA16_Z,DATA16_N,DATA16_HEAP+_D #
#                            ATA16_HEAP_SIZE=0200-03FF                         #
#                            -Z(DATA)CSTACK+_STACK_SIZE#                       #
#                            -Z(CODE)INFO=1000-10FF -Z(CODE)INFOA=10C0-10FF    #
#                            -Z(CODE)INFOB=1080-10BF                           #
#                            -Z(CONST)DEVICE_INFO_SEGC=1040-107F               #
#                            -Z(CONST)DEVICE_INFO_SEGD=1000-103F               #
#                            -Z(CONST)DATA16_C,DATA16_ID,DIFUNCT=F000-FFDD     #
#                            -Z(CODE)CSTART,ISR_CODE=F000-FFDD                 #
#                            -P(CODE)CODE=F000-FFDD                            #
#                            -Z(CODE)CHECKSUM=FFDE-FFDF                        #
#                            -Z(CODE)INTVEC=FFE0-FFFF                          #
#                            -Z(CODE)RESET=FFFE-FFFF -Z(CODE)NMI=FFFC-FFFD)    #
#                            -D_STACK_SIZE=78 -rt                              #
#                            "C:\Program Files\IAR Systems\EW430_KS_5_51_5\430 #
#                            \LIB\DLIB\dl430fn.r43"                            #
#                            -e_PrintfTiny=_Printf -e_ScanfSmallNoMb=_Scanf    #
#                            -D_DATA16_HEAP_SIZE=28 -s __program_start         #
#                            -D_DATA20_HEAP_SIZE=50                            #
#                                                                              #
#                           Copyright (C) 1987-2012 IAR Systems AB.            #
################################################################################





                ****************************************
                *                                      *
                *           CROSS REFERENCE            *
                *                                      *
                ****************************************

       Program entry at :           F024  Relocatable, from module : ?cstart




                ****************************************
                *                                      *
                *            RUNTIME MODEL             *
                *                                      *
                ****************************************

  __Heap_Handler             = Basic
  __SystemLibrary            = DLib
  __core                     = 430
  __dlib_file_descriptor     = 0
  __dlib_full_locale_support = 0
  __double_size              = 32
  __pic                      = no
  __reg_r4                   = free
  __reg_r5                   = free
  __rt_version               = 3

                ****************************************
                *                                      *
                *    AUTOMATIC SYMBOL REDIRECTIONS     *
                *                                      *
                ****************************************

                  There are no automatic symbol redirections.



                ****************************************
                *                                      *
                *              MODULE MAP              *
                *                                      *
                ****************************************


  DEFINED ABSOLUTE ENTRIES
    *************************************************************************

  DEFINED ABSOLUTE ENTRIES
  PROGRAM MODULE, NAME : ?ABS_ENTRY_MOD

Absolute parts
           ENTRY                   ADDRESS         REF BY
           =====                   =======         ======
           _DATA20_HEAP_SIZE       0050 
           _DATA16_HEAP_SIZE       0028 
           _STACK_SIZE             0078 
    *************************************************************************

  FILE NAME : D:\Products\active_designs\BLINK-EFW-01\Debug\Obj\blink-efwd-01.r43
  PROGRAM MODULE, NAME : blink-efwd-01

  SEGMENTS IN THE MODULE
  ======================
DATA16_AN
  Relative segment, address: 0021 - 0021 (0x1 bytes), align: 0
  Segment part 1. ROOT.       Intra module refs:   ClockwiseSetup
           ENTRY                   ADDRESS         REF BY
           =====                   =======         ======
           _A_P1OUT                0021 
           LOCAL                   ADDRESS         
           =====                   =======         
           P1OUT                   0021 
           P1OUT_bit               0021 
    -------------------------------------------------------------------------
DATA16_AN
  Relative segment, address: 0023 - 0023 (0x1 bytes), align: 0
  Segment part 2. ROOT.       Intra module refs:   BlinkSM_Initialize
                                                   Port1ISR (main)
           ENTRY                   ADDRESS         REF BY
           =====                   =======         ======
           _A_P1IFG                0023 
           LOCAL                   ADDRESS         
           =====                   =======         
           P1IFG                   0023 
           P1IFG_bit               0023 
    -------------------------------------------------------------------------
DATA16_AN
  Relative segment, address: 0025 - 0025 (0x1 bytes), align: 0
  Segment part 3. ROOT.       Intra module refs:   BlinkSM_Initialize
           ENTRY                   ADDRESS         REF BY
           =====                   =======         ======
           _A_P1IE                 0025 
           LOCAL                   ADDRESS         
           =====                   =======         
           P1IE                    0025 
           P1IE_bit                0025 
    -------------------------------------------------------------------------
DATA16_AN
  Relative segment, address: 0029 - 0029 (0x1 bytes), align: 0
  Segment part 4. ROOT.       Intra module refs:   ClockwiseSetup
           ENTRY                   ADDRESS         REF BY
           =====                   =======         ======
           _A_P2OUT                0029 
           LOCAL                   ADDRESS         
           =====                   =======         
           P2OUT                   0029 
           P2OUT_bit               0029 
    -------------------------------------------------------------------------
DATA16_AN
  Relative segment, address: 0019 - 0019 (0x1 bytes), align: 0
  Segment part 5. ROOT.       Intra module refs:   ClockwiseSetup
           ENTRY                   ADDRESS         REF BY
           =====                   =======         ======
           _A_P3OUT                0019 
           LOCAL                   ADDRESS         
           =====                   =======         
           P3OUT                   0019 
           P3OUT_bit               0019 
    -------------------------------------------------------------------------
DATA16_AN
  Relative segment, address: 0160 - 0161 (0x2 bytes), align: 0
  Segment part 6. ROOT.       Intra module refs:   BlinkSM_Initialize
                                                   BlinkSM_Sleep
                                                   SetTimer
                                                   TimerAISR (main)
           ENTRY                   ADDRESS         REF BY
           =====                   =======         ======
           _A_TA0CTL               0160 
           LOCAL                   ADDRESS         
           =====                   =======         
           TA0CTL                  0160 
           TA0CTL_bit              0160 
    -------------------------------------------------------------------------
DATA16_AN
  Relative segment, address: 0170 - 0171 (0x2 bytes), align: 0
  Segment part 7. ROOT.       Intra module refs:   SetTimer
           ENTRY                   ADDRESS         REF BY
           =====                   =======         ======
           TA0R                    0170 
    -------------------------------------------------------------------------
DATA16_AN
  Relative segment, address: 0172 - 0173 (0x2 bytes), align: 0
  Segment part 8. ROOT.       Intra module refs:   SetTimer
           ENTRY                   ADDRESS         REF BY
           =====                   =======         ======
           TA0CCR0                 0172 
    -------------------------------------------------------------------------
DATA16_I
  Relative segment, address: 0200 - 0201 (0x2 bytes), align: 1
  Segment part 10.            Intra module refs:   BlinkSM_Clockwise
                                                   BlinkSM_Initialize
                                                   BlinkSM_Off
                                                   BlinkSM_On
                                                   BlinkSM_Pulse
                                                   BlinkSM_Sleep
                                                   ClockwiseSetup
           ENTRY                   ADDRESS         REF BY
           =====                   =======         ======
           BlinkStateMachine       0200            main (main)
    -------------------------------------------------------------------------
DATA16_I
  Relative segment, address: 0202 - 0203 (0x2 bytes), align: 1
  Segment part 12.            Intra module refs:   BlinkSM_Sleep
                                                   ClockwiseSetup
           ENTRY                   ADDRESS         REF BY
           =====                   =======         ======
           G_fCurrentStateMachine
                                   0202            Port1ISR (main)
    -------------------------------------------------------------------------
DATA16_I
  Relative segment, address: 0204 - 020B (0x8 bytes), align: 1
  Segment part 14.
           ENTRY                   ADDRESS         REF BY
           =====                   =======         ======
           G_pfPatterns            0204            Port1ISR (main)
    -------------------------------------------------------------------------
DATA16_Z
  Relative segment, address: 0226 - 0226 (0x1 bytes), align: 0
  Segment part 16.
           ENTRY                   ADDRESS         REF BY
           =====                   =======         ======
           G_u8ActivePattern       0226            Port1ISR (main)
    -------------------------------------------------------------------------
DATA16_Z
  Relative segment, address: 0224 - 0225 (0x2 bytes), align: 1
  Segment part 19.            Intra module refs:   BlinkSM_Initialize
                                                   BlinkSM_Off
                                                   BlinkSM_On
                                                   BlinkSM_Pulse
                                                   BlinkSM_Sleep
                                                   ClockwiseSetup
           ENTRY                   ADDRESS         REF BY
           =====                   =======         ======
           u16GlobalCurrentSleepInterval
                                   0224 
    -------------------------------------------------------------------------
DATA16_I
  Relative segment, address: 021C - 0223 (0x8 bytes), align: 0
  Segment part 20.            Intra module refs:   BlinkSM_Clockwise
                                                   BlinkSM_Off
                                                   BlinkSM_On
                                                   BlinkSM_Pulse
           ENTRY                   ADDRESS         REF BY
           =====                   =======         ======
           LG_u8Leds               021C 
    -------------------------------------------------------------------------
DATA16_I
  Relative segment, address: 020C - 021B (0x10 bytes), align: 1
  Segment part 22.            Intra module refs:   BlinkSM_Clockwise
                                                   BlinkSM_Off
                                                   BlinkSM_On
                                                   BlinkSM_Pulse
           ENTRY                   ADDRESS         REF BY
           =====                   =======         ======
           LG_pu16LedPorts         020C 
    -------------------------------------------------------------------------
DATA16_Z
  Relative segment, address: 0227 - 0227 (0x1 bytes), align: 0
  Segment part 24.            Intra module refs:   BlinkSM_Clockwise
                                                   ClockwiseSetup
           ENTRY                   ADDRESS         REF BY
           =====                   =======         ======
           LG_u8ActiveIndex        0227 
    -------------------------------------------------------------------------
<CODE> 1 (was CODE)
  Relative segment, address: F2A4 - F2B1 (0xe bytes), align: 1
  Segment part 26.            Intra module refs:   BlinkSM_Sleep
           ENTRY                   ADDRESS         REF BY
           =====                   =======         ======
           SetTimer                F2A4 
               CSTACK = 00000000 ( 00000002 )
    -------------------------------------------------------------------------
<CODE> 1 (was CODE)
  Relative segment, address: F236 - F24F (0x1a bytes), align: 1
  Segment part 33.            Intra module refs:   Segment part 11
           ENTRY                   ADDRESS         REF BY
           =====                   =======         ======
           BlinkSM_Initialize      F236 
               CSTACK = 00000000 ( 00000002 )
    -------------------------------------------------------------------------
<CODE> 1 (was CODE)
  Relative segment, address: F20E - F235 (0x28 bytes), align: 1
  Segment part 32.            Intra module refs:   Segment part 15
           ENTRY                   ADDRESS         REF BY
           =====                   =======         ======
           ClockwiseSetup          F20E 
               CSTACK = 00000000 ( 00000002 )
    -------------------------------------------------------------------------
<CODE> 1 (was CODE)
  Relative segment, address: F128 - F177 (0x50 bytes), align: 1
  Segment part 31.            Intra module refs:   ClockwiseSetup
           ENTRY                   ADDRESS         REF BY
           =====                   =======         ======
           BlinkSM_Clockwise       F128 
               CSTACK = 00000000 ( 00000002 )
    -------------------------------------------------------------------------
<CODE> 1 (was CODE)
  Relative segment, address: F1BA - F1E3 (0x2a bytes), align: 1
  Segment part 30.            Intra module refs:   Segment part 15
           ENTRY                   ADDRESS         REF BY
           =====                   =======         ======
           BlinkSM_On              F1BA 
               CSTACK = 00000000 ( 00000002 )
    -------------------------------------------------------------------------
<CODE> 1 (was CODE)
  Relative segment, address: F1E4 - F20D (0x2a bytes), align: 1
  Segment part 29.            Intra module refs:   Segment part 13
                                                   Segment part 15
           ENTRY                   ADDRESS         REF BY
           =====                   =======         ======
           BlinkSM_Off             F1E4 
               CSTACK = 00000000 ( 00000002 )
    -------------------------------------------------------------------------
<CODE> 1 (was CODE)
  Relative segment, address: F0C8 - F127 (0x60 bytes), align: 1
  Segment part 28.            Intra module refs:   Segment part 15
           ENTRY                   ADDRESS         REF BY
           =====                   =======         ======
           BlinkSM_Pulse           F0C8 
               CSTACK = 00000000 ( 00000002 )
    -------------------------------------------------------------------------
DATA16_Z
  Relative segment, address: 0228 - 0228 (0x1 bytes), align: 0
  Segment part 25.            Intra module refs:   BlinkSM_Pulse
           LOCAL                   ADDRESS         
           =====                   =======         
           BlinkSM_Pulse::bCurrentlyOn
                                   0228 
    -------------------------------------------------------------------------
<CODE> 1 (was CODE)
  Relative segment, address: F250 - F269 (0x1a bytes), align: 1
  Segment part 27.            Intra module refs:   BlinkSM_Clockwise
                                                   BlinkSM_Initialize
                                                   BlinkSM_Off
                                                   BlinkSM_On
                                                   BlinkSM_Pulse
           ENTRY                   ADDRESS         REF BY
           =====                   =======         ======
           BlinkSM_Sleep           F250 
               calls direct
               CSTACK = 00000000 ( 00000002 )
    -------------------------------------------------------------------------
DATA16_ID
  Relative segment, address: F000 - F001 (0x2 bytes), align: 1
  Segment part 11.            Intra module refs:   BlinkStateMachine
    -------------------------------------------------------------------------
DATA16_ID
  Relative segment, address: F002 - F003 (0x2 bytes), align: 1
  Segment part 13.            Intra module refs:   G_fCurrentStateMachine
    -------------------------------------------------------------------------
DATA16_ID
  Relative segment, address: F004 - F00B (0x8 bytes), align: 1
  Segment part 15.            Intra module refs:   G_pfPatterns
    -------------------------------------------------------------------------
DATA16_ID
  Relative segment, address: F01C - F023 (0x8 bytes), align: 0
  Segment part 21.            Intra module refs:   LG_u8Leds
    -------------------------------------------------------------------------
DATA16_ID
  Relative segment, address: F00C - F01B (0x10 bytes), align: 1
  Segment part 23.            Intra module refs:   LG_pu16LedPorts

    *************************************************************************

  FILE NAME : D:\Products\active_designs\BLINK-EFW-01\Debug\Obj\cstartup.r43
  LIBRARY MODULE, NAME : ?reset_vector

  SEGMENTS IN THE MODULE
  ======================
RESET
  Relative segment, address: FFFE - FFFF (0x2 bytes), align: 1
  Segment part 0.
           ENTRY                   ADDRESS         REF BY
           =====                   =======         ======
           ?reset_vector           FFFE            Segment part 6 (?cstart)

    -------------------------------------------------------------------------
  LIBRARY MODULE, NAME : ?cstart

  SEGMENTS IN THE MODULE
  ======================
CSTACK
  Relative segment, address: 0388, align: 1
  Segment part 1.
    -------------------------------------------------------------------------
DATA16_Z
  Relative segment, address: 0226, align: 1
  Segment part 2.
    -------------------------------------------------------------------------
DATA16_I
  Relative segment, address: 021C, align: 1
  Segment part 3.
    -------------------------------------------------------------------------
DATA16_ID
  Relative segment, address: F01C, align: 1
  Segment part 4.
    -------------------------------------------------------------------------
DEVICE_INFO_SEGC
  Relative segment, address: 1040 - 1041 (0x2 bytes), align: 1
  Segment part 5. ROOT.
           LOCAL                   ADDRESS         
           =====                   =======         
           firmware_version        1040 
    -------------------------------------------------------------------------
CSTART
  Relative segment, address: F024 - F02D (0xa bytes), align: 1
  Segment part 6.
           ENTRY                   ADDRESS         REF BY
           =====                   =======         ======
           __program_start         F024            ?reset_vector (?reset_vector)
                                                   Absolute parts (?ABS_ENTRY_MOD)
           ?cstart_begin           F024 
    -------------------------------------------------------------------------
CSTART
  Relative segment, address: F02E - F039 (0xc bytes), align: 1
  Segment part 7.
           ENTRY                   ADDRESS         REF BY
           =====                   =======         ======
           ?cstart_init_zero       F02E            BlinkSM_Pulse::bCurrentlyOn (blink-efwd-01)
                                                   G_u8ActivePattern (blink-efwd-01)
                                                   LG_u8ActiveIndex (blink-efwd-01)
                                                   u16GlobalCurrentSleepInterval (blink-efwd-01)
    -------------------------------------------------------------------------
CSTART
  Relative segment, address: F03A - F049 (0x10 bytes), align: 1
  Segment part 8.
           ENTRY                   ADDRESS         REF BY
           =====                   =======         ======
           ?cstart_init_copy       F03A            BlinkStateMachine (blink-efwd-01)
                                                   G_fCurrentStateMachine (blink-efwd-01)
                                                   G_pfPatterns (blink-efwd-01)
                                                   LG_pu16LedPorts (blink-efwd-01)
                                                   LG_u8Leds (blink-efwd-01)
    -------------------------------------------------------------------------
CSTART
  Relative segment, address: F04A - F04D (0x4 bytes), align: 1
  Segment part 9.             Intra module refs:   Segment part 6
           ENTRY                   ADDRESS         REF BY
           =====                   =======         ======
           ?cstart_call_low_level_init
                                   F04A 
    -------------------------------------------------------------------------
CSTART
  Relative segment, address: F04E - F055 (0x8 bytes), align: 1
  Segment part 10.            Intra module refs:   Segment part 6
           ENTRY                   ADDRESS         REF BY
           =====                   =======         ======
           ?cstart_call_main       F04E 
           ?cstart_end             F056 

    -------------------------------------------------------------------------
  LIBRARY MODULE, NAME : lowinit

  SEGMENTS IN THE MODULE
  ======================
<CODE> 1 (was CODE)
  Relative segment, address: F056 - F0C7 (0x72 bytes), align: 1
  Segment part 0.
           ENTRY                   ADDRESS         REF BY
           =====                   =======         ======
           __low_level_init        F056            ?cstart_call_low_level_init (?cstart)
           LOCAL                   ADDRESS         
           =====                   =======         
           clock_setup             F056 
           gpio_setup              F072 
           timerA_setup            F09E 
           uart_setup              F0AA 
           interrupt_setup         F0BC 
           low_level_init_end      F0C6 

    *************************************************************************

  FILE NAME : D:\Products\active_designs\BLINK-EFW-01\Debug\Obj\main.r43
  PROGRAM MODULE, NAME : main

  SEGMENTS IN THE MODULE
  ======================
DATA16_AN
  Relative segment, address: 0020 - 0020 (0x1 bytes), align: 0
  Segment part 1. ROOT.       Intra module refs:   Port1ISR
           ENTRY                   ADDRESS         REF BY
           =====                   =======         ======
           _A_P1IN                 0020 
           LOCAL                   ADDRESS         
           =====                   =======         
           P1IN                    0020 
           P1IN_bit                0020 
    -------------------------------------------------------------------------
<CODE> 1 (was CODE)
  Relative segment, address: F2C0 - F2C7 (0x8 bytes), align: 1
  Segment part 9.
           ENTRY                   ADDRESS         REF BY
           =====                   =======         ======
           main                    F2C0            Segment part 10 (?cstart)
               calls indirect
               CSTACK = 00000000 ( 00000002 )
    -------------------------------------------------------------------------
<CODE> 1 (was CODE)
  Relative segment, address: F178 - F1B9 (0x42 bytes), align: 1
  Segment part 8.             Intra module refs:   Port1ISR::??INTVEC 4
           ENTRY                   ADDRESS         REF BY
           =====                   =======         ======
           Port1ISR                F178 
               interrupt function
               CSTACK = 00000000 ( 00000008 )
    -------------------------------------------------------------------------
<CODE> 1 (was CODE)
  Relative segment, address: F2B2 - F2BF (0xe bytes), align: 1
  Segment part 7.             Intra module refs:   TimerAISR::??INTVEC 16
           ENTRY                   ADDRESS         REF BY
           =====                   =======         ======
           TimerAISR               F2B2 
               interrupt function
               CSTACK = 00000000 ( 00000004 )
    -------------------------------------------------------------------------
INTVEC
  Common segment, address: FFE0 - FFE5 (0x6 bytes), align: 1
  Segment part 4. ROOT.
           ENTRY                   ADDRESS         REF BY
           =====                   =======         ======
           Port1ISR::??INTVEC 4    FFE4 
    -------------------------------------------------------------------------
INTVEC
  Common segment, address: FFE0 - FFF1 (0x12 bytes), align: 1
  Segment part 5. ROOT.
           ENTRY                   ADDRESS         REF BY
           =====                   =======         ======
           TimerAISR::??INTVEC 16
                                   FFF0 

    *************************************************************************

  FILE NAME : C:\Program Files\IAR Systems\EW430_KS_5_51_5\430\LIB\DLIB\dl430fn.r43
  LIBRARY MODULE, NAME : ?__dbg_break

  SEGMENTS IN THE MODULE
  ======================
<CODE> 1 (was CODE)
  Relative segment, address: F2D4 - F2D5 (0x2 bytes), align: 1
  Segment part 2.
           ENTRY                   ADDRESS         REF BY
           =====                   =======         ======
           __DebugBreak            F2D4            __exit (?__exit)

    -------------------------------------------------------------------------
  LIBRARY MODULE, NAME : ?__exit

  SEGMENTS IN THE MODULE
  ======================
<CODE> 1 (was CODE)
  Relative segment, address: F26A - F27F (0x16 bytes), align: 1
  Segment part 2.
           ENTRY                   ADDRESS         REF BY
           =====                   =======         ======
           __exit                  F26A            Segment part 6 (?_exit)
                                                   _exit (?_exit)
               calls direct

    -------------------------------------------------------------------------
  LIBRARY MODULE, NAME : ?_exit

  SEGMENTS IN THE MODULE
  ======================
<CODE> 1 (was CODE)
  Relative segment, address: F2C8, align: 1
  Segment part 0.
           ENTRY                   ADDRESS         REF BY
           =====                   =======         ======
           _exit                   F2C8            exit (?exit)
    -------------------------------------------------------------------------
<CODE> 1 (was CODE)
  Relative segment, address: F2C8 - F2CB (0x4 bytes), align: 1
  Segment part 6.             Intra module refs:   _exit

    -------------------------------------------------------------------------
  LIBRARY MODULE, NAME : ?exit

  SEGMENTS IN THE MODULE
  ======================
<CODE> 1 (was CODE)
  Relative segment, address: F2D0 - F2D3 (0x4 bytes), align: 1
  Segment part 2.
           ENTRY                   ADDRESS         REF BY
           =====                   =======         ======
           exit                    F2D0            Segment part 10 (?cstart)
               calls direct
               CSTACK = 00000000 ( 00000002 )

    -------------------------------------------------------------------------
  LIBRARY MODULE, NAME : ?memcpy

  SEGMENTS IN THE MODULE
  ======================
<CODE> 1 (was CODE)
  Relative segment, address: F280 - F291 (0x12 bytes), align: 1
  Segment part 2.
           ENTRY                   ADDRESS         REF BY
           =====                   =======         ======
           memcpy                  F280            __data16_memcpy (?memzero)
               CSTACK = 00000000 ( 00000002 )

    -------------------------------------------------------------------------
  LIBRARY MODULE, NAME : ?memzero

  SEGMENTS IN THE MODULE
  ======================
<CODE> 1 (was CODE)
  Relative segment, address: F292 - F2A3 (0x12 bytes), align: 1
  Segment part 4.
           ENTRY                   ADDRESS         REF BY
           =====                   =======         ======
           __data16_memzero        F292            ?cstart_init_zero (?cstart)
               CSTACK = 00000000 ( 00000002 )
    -------------------------------------------------------------------------
<CODE> 1 (was CODE)
  Relative segment, address: F2CC - F2CF (0x4 bytes), align: 1
  Segment part 3.
           ENTRY                   ADDRESS         REF BY
           =====                   =======         ======
           __data16_memcpy         F2CC            ?cstart_init_copy (?cstart)
               calls direct
               CSTACK = 00000000 ( 00000002 )




                ****************************************
                *                                      *
                *            MODULE SUMMARY            *
                *                                      *
                ****************************************

Module               CODE      DATA      CONST
------               ----      ----      -----
                    (Rel)  (Rel)  (Abs)  (Rel)
?__dbg_break            2
?__exit                22
?_exit                  4
?cstart                50                    2
?exit                   4
?memcpy                18
?memzero               22
?reset_vector           2
blink-efwd-01         366     41      8     36
  + shared                            3
lowinit               114
main                   88             1
  + common             18
N/A (command line)           120
N/A (alignment)
----------            ---    ---     --     --
Total:                692    161     12     38
  + common             18


                ****************************************
                *                                      *
                *      SEGMENTS IN ADDRESS ORDER       *
                *                                      *
                ****************************************


SEGMENT              SPACE    START ADDRESS   END ADDRESS     SIZE  TYPE  ALIGN
=======              =====    =============   ===========     ====  ====  =====
DATA16_AN                              0019 - 0019               1   rel    0
                                       0020 - 0021               2 
                                       0023 - 0023               1 
                                       0025 - 0025               1 
                                       0029 - 0029               1 
                                       0160 - 0161               2 
                                       0170 - 0173               4 
DATA16_I                               0200 - 0223              24   rel    1
DATA16_Z                               0224 - 0228               5   rel    1
CSTACK                                 0388 - 03FF              78   rel    1
DEVICE_INFO_SEGC                       1040 - 1041               2   rel    1
DATA16_C                                  F000                       dse    0
DATA16_ID                              F000 - F023              24   rel    1
CSTART                                 F024 - F055              32   rel    1
<CODE> 1                               F056 - F2D5             280   rel    1
INTVEC                                 FFE0 - FFF1              12   com    1
RESET                                  FFFE - FFFF               2   rel    1

                ****************************************
                *                                      *
                *        END OF CROSS REFERENCE        *
                *                                      *
                ****************************************

 710 bytes of CODE  memory
 161 bytes of DATA  memory (+ 12 absolute )
  38 bytes of CONST memory

Errors: none
Warnings: none

